Test,Test Suite,Result,Resolution,Comment
"Login: should not be able to login with wrong username","Login","Failed",,
"Test Run: Test Run can be created without Milestone","Test Run: Manager","Not Executed",,
"Test Run: Test Run can be created with Milestone","Test Run: Manager","Not Executed",,
"Test Run: Build name should be inherited from create page","Test Run: Manager","Not Executed",,
"Login: should be able to login as admin","Login","Passed",,
"Login: should not be able to login with wrong password","Login","Pending",,