Test,Test Suite,Result,Resolution,Comment,Finished
"Login: should not be able to login with wrong username","Login","Failed",,,"12/27/2019, 5:46:01 PM"
"Login: should be able to login as admin","Login","Passed",,,"12/27/2019, 5:46:01 PM"
"Login: should not be able to login with wrong password","Login","Pending",,,"12/27/2019, 5:46:01 PM"