Test,Test Suite,Test Run,Result,Resolution,Comment,Finished