Test,Test Suite,Test Run,Result,Resolution,Issue,Finished